// Copyright 2017 Istio Authors
//
// Licensed under the Apache License, Version 2.0 (the "License");
// you may not use this file except in compliance with the License.
// You may obtain a copy of the License at
//
//     http://www.apache.org/licenses/LICENSE-2.0
//
// Unless required by applicable law or agreed to in writing, software
// distributed under the License is distributed on an "AS IS" BASIS,
// WITHOUT WARRANTIES OR CONDITIONS OF ANY KIND, either express or implied.
// See the License for the specific language governing permissions and
// limitations under the License.

// THIS FILE IS AUTOMATICALLY GENERATED.

syntax = "proto3";

package istio.mixer.adapter.myapa;

import "mixer/adapter/model/v1beta1/extensions.proto";


option (istio.mixer.adapter.model.v1beta1.template_variety) = TEMPLATE_VARIETY_ATTRIBUTE_GENERATOR;



message InstanceParam {
  
  string int64Primitive = 1;
  
  string boolPrimitive = 2;
  
  string doublePrimitive = 3;
  
  string stringPrimitive = 4;
  
  map<string, string> dimensionsFixedInt64ValueDType = 5;
  
  string timeStamp = 6;
  
  string duration = 7;
  
  map<string, Resource3InstanceParam> res3_map = 8;
  
  
  // Attribute names to expression mapping. These expressions can use the fields from the output object
  // returned by the attribute producing adapters using $out.<fieldName> notation. For example:
  // source.ip : $out.source_pod_ip
  // In the above example, source.ip attribute will be added to the existing attribute list and its value will be set to
  // the value of source_pod_ip field of the output returned by the adapter.
  map<string, string> attribute_bindings = 72295728;
  
}


message Resource1InstanceParam {
  
  string str = 1;
  
  Resource1InstanceParam self_ref_res1 = 3;
  
  Resource2InstanceParam resRef2 = 2;
  
}

message Resource2InstanceParam {
  
  string str = 1;
  
  Resource3InstanceParam res3 = 2;
  
  map<string, Resource3InstanceParam> res3_map = 3;
  
}

message Resource3InstanceParam {
  
  string int64Primitive = 1;
  
  string boolPrimitive = 2;
  
  string doublePrimitive = 3;
  
  string stringPrimitive = 4;
  
  map<string, string> dimensionsFixedInt64ValueDType = 5;
  
  string timeStamp = 6;
  
  string duration = 7;
  
}

