destination:
  service: "172.217.0.0/16"
ports:
- port: 443
  protocol: tcp

