hosts:
  - world
http:
  - route:
    - destination:
        name: world
    appendHeaders:
      appendedname: appendedValue
