destination:
  name: world
appendHeaders:
  appendedname: appendedValue

