apiKeys:
- query: key
attributes:
  attributes:
    api.service:
      stringValue: hello.default
    api.version:
      stringValue: 1.0.0
patterns:
- attributes:
    attributes:
      api.operation:
        stringValue: echo
  httpMethod: POST
  uriTemplate: /echo
