destinations:
- name: hello
  port:
    name: "http"
peers:
- none: null
