destinations:
- name: world
  port:
    name: "http"
peers:
- none: null
