{
  "clusters": [
   {
    "name": "out.hello.default.svc.cluster.local|http-status",
    "service_name": "hello.default.svc.cluster.local|http-status",
    "connect_timeout_ms": 1000,
    "type": "sds",
    "lb_type": "round_robin"
   },
   {
    "name": "out.world.default.svc.cluster.local|http",
    "service_name": "world.default.svc.cluster.local|http",
    "connect_timeout_ms": 1000,
    "type": "sds",
    "lb_type": "round_robin"
   },
   {
    "name": "mixer_check_server",
    "connect_timeout_ms": 1000,
    "type": "strict_dns",
    "lb_type": "round_robin",
    "hosts": [
     {
      "url": "tcp://istio-mixer.istio-system:9091"
     }
    ],
    "features": "http2",
    "circuit_breakers": {
     "default": {
      "max_pending_requests": 10000,
      "max_requests": 10000
     }
    }
   },
   {
    "name": "mixer_report_server",
    "connect_timeout_ms": 1000,
    "type": "strict_dns",
    "lb_type": "round_robin",
    "hosts": [
     {
      "url": "tcp://istio-mixer.istio-system:9091"
     }
    ],
    "features": "http2",
    "circuit_breakers": {
     "default": {
      "max_pending_requests": 10000,
      "max_requests": 10000
     }
    }
   }
  ]
 }