destination:
  name: world
corsPolicy:
  allowOrigin:
    - http://foo.example
  allowMethods:
    - POST
    - GET
    - OPTIONS
  allowHeaders:
    - content-type
  exposeHeaders:
    - x-custom-header
  maxAge: 300s
  allowCredentials: true
