{
  "listeners": [
   {
    "address": "tcp://0.0.0.0:15001",
    "name": "virtual",
    "filters": [],
    "bind_to_port": true,
    "use_original_dst": true
   },
   {
    "address": "tcp://0.0.0.0:443",
    "name": "http_0.0.0.0_443",
    "filters": [
     {
      "type": "read",
      "name": "http_connection_manager",
      "config": {
       "codec_type": "auto",
       "stat_prefix": "http",
       "generate_request_id": true,
       "tracing": {
        "operation_name": "egress"
       },
       "rds": {
        "cluster": "rds",
        "route_config_name": "443",
        "refresh_delay_ms": 10
       },
       "filters": [
        {
         "type": "decoder",
         "name": "mixer",
         "config": {
          "v2": {
           "defaultDestinationService": "hello.default.svc.cluster.local",
           "forwardAttributes": {
            "attributes": {
             "source.ip": {
              "bytesValue": "AAAAAAAAAAAAAP//CgEBAA=="
             },
             "source.labels": {
              "stringMapValue": {
               "entries": {
                "version": "v0"
               }
              }
             },
             "source.uid": {
              "stringValue": "kubernetes://v0.default"
             }
            }
           },
           "mixerAttributes": {
            "attributes": {}
           },
           "serviceConfigs": {
            "hello.default.svc.cluster.local": {
             "disableCheckCalls": true,
             "disableReportCalls": true,
             "mixerAttributes": {
              "attributes": {
               "destination.labels": {
                "stringMapValue": {
                 "entries": {
                  "version": "v0"
                 }
                }
               },
               "destination.service": {
                "stringValue": "hello.default.svc.cluster.local"
               }
              }
             }
            }
           },
           "transport": {
            "checkCluster": "mixer_check_server",
            "reportCluster": "mixer_report_server"
           }
          }
         }
        },
        {
         "type": "",
         "name": "cors",
         "config": {}
        },
        {
         "type": "decoder",
         "name": "router",
         "config": {}
        }
       ],
       "access_log": [
        {
         "path": "/dev/stdout"
        }
       ]
      }
     }
    ],
    "bind_to_port": false
   },
   {
    "address": "tcp://0.0.0.0:80",
    "name": "http_0.0.0.0_80",
    "filters": [
     {
      "type": "read",
      "name": "http_connection_manager",
      "config": {
       "codec_type": "auto",
       "stat_prefix": "http",
       "generate_request_id": true,
       "tracing": {
        "operation_name": "egress"
       },
       "rds": {
        "cluster": "rds",
        "route_config_name": "80",
        "refresh_delay_ms": 10
       },
       "filters": [
        {
         "type": "decoder",
         "name": "mixer",
         "config": {
          "v2": {
           "defaultDestinationService": "hello.default.svc.cluster.local",
           "forwardAttributes": {
            "attributes": {
             "source.ip": {
              "bytesValue": "AAAAAAAAAAAAAP//CgEBAA=="
             },
             "source.labels": {
              "stringMapValue": {
               "entries": {
                "version": "v0"
               }
              }
             },
             "source.uid": {
              "stringValue": "kubernetes://v0.default"
             }
            }
           },
           "mixerAttributes": {
            "attributes": {}
           },
           "serviceConfigs": {
            "hello.default.svc.cluster.local": {
             "disableCheckCalls": true,
             "disableReportCalls": true,
             "mixerAttributes": {
              "attributes": {
               "destination.labels": {
                "stringMapValue": {
                 "entries": {
                  "version": "v0"
                 }
                }
               },
               "destination.service": {
                "stringValue": "hello.default.svc.cluster.local"
               }
              }
             }
            }
           },
           "transport": {
            "checkCluster": "mixer_check_server",
            "reportCluster": "mixer_report_server"
           }
          }
         }
        },
        {
         "type": "",
         "name": "cors",
         "config": {}
        },
        {
         "type": "decoder",
         "name": "fault",
         "config": {
          "delay": {
           "type": "fixed",
           "fixed_delay_percent": 100,
           "fixed_duration_ms": 5000
          },
          "headers": [
           {
            "name": "scooby",
            "value": "doo"
           }
          ],
          "upstream_cluster": "out.world.default.svc.cluster.local|http|version=v0"
         }
        },
        {
         "type": "decoder",
         "name": "fault",
         "config": {
          "delay": {
           "type": "fixed",
           "fixed_delay_percent": 100,
           "fixed_duration_ms": 5000
          },
          "headers": [
           {
            "name": "animal",
            "value": "^dog.*",
            "regex": true
           }
          ],
          "upstream_cluster": "out.world.default.svc.cluster.local|http|version=v0"
         }
        },
        {
         "type": "decoder",
         "name": "router",
         "config": {}
        }
       ],
       "access_log": [
        {
         "path": "/dev/stdout"
        }
       ]
      }
     }
    ],
    "bind_to_port": false
   },
   {
    "address": "tcp://0.0.0.0:81",
    "name": "http_0.0.0.0_81",
    "filters": [
     {
      "type": "read",
      "name": "http_connection_manager",
      "config": {
       "codec_type": "auto",
       "stat_prefix": "http",
       "generate_request_id": true,
       "tracing": {
        "operation_name": "egress"
       },
       "rds": {
        "cluster": "rds",
        "route_config_name": "81",
        "refresh_delay_ms": 10
       },
       "filters": [
        {
         "type": "decoder",
         "name": "mixer",
         "config": {
          "v2": {
           "defaultDestinationService": "hello.default.svc.cluster.local",
           "forwardAttributes": {
            "attributes": {
             "source.ip": {
              "bytesValue": "AAAAAAAAAAAAAP//CgEBAA=="
             },
             "source.labels": {
              "stringMapValue": {
               "entries": {
                "version": "v0"
               }
              }
             },
             "source.uid": {
              "stringValue": "kubernetes://v0.default"
             }
            }
           },
           "mixerAttributes": {
            "attributes": {}
           },
           "serviceConfigs": {
            "hello.default.svc.cluster.local": {
             "disableCheckCalls": true,
             "disableReportCalls": true,
             "mixerAttributes": {
              "attributes": {
               "destination.labels": {
                "stringMapValue": {
                 "entries": {
                  "version": "v0"
                 }
                }
               },
               "destination.service": {
                "stringValue": "hello.default.svc.cluster.local"
               }
              }
             }
            }
           },
           "transport": {
            "checkCluster": "mixer_check_server",
            "reportCluster": "mixer_report_server"
           }
          }
         }
        },
        {
         "type": "",
         "name": "cors",
         "config": {}
        },
        {
         "type": "decoder",
         "name": "fault",
         "config": {
          "delay": {
           "type": "fixed",
           "fixed_delay_percent": 100,
           "fixed_duration_ms": 5000
          },
          "headers": [
           {
            "name": "scooby",
            "value": "doo"
           }
          ],
          "upstream_cluster": "out.world.default.svc.cluster.local|http-status|version=v0"
         }
        },
        {
         "type": "decoder",
         "name": "fault",
         "config": {
          "delay": {
           "type": "fixed",
           "fixed_delay_percent": 100,
           "fixed_duration_ms": 5000
          },
          "headers": [
           {
            "name": "animal",
            "value": "^dog.*",
            "regex": true
           }
          ],
          "upstream_cluster": "out.world.default.svc.cluster.local|http-status|version=v0"
         }
        },
        {
         "type": "decoder",
         "name": "router",
         "config": {}
        }
       ],
       "access_log": [
        {
         "path": "/dev/stdout"
        }
       ]
      }
     }
    ],
    "bind_to_port": false
   },
   {
    "address": "tcp://10.1.0.0:100",
    "name": "mongo_10.1.0.0_100",
    "filters": [
     {
      "type": "both",
      "name": "mongo_proxy",
      "config": {
       "stat_prefix": "mongo"
      }
     },
     {
      "type": "read",
      "name": "tcp_proxy",
      "config": {
       "stat_prefix": "tcp",
       "route_config": {
        "routes": [
         {
          "cluster": "out.hello.default.svc.cluster.local|mongo",
          "destination_ip_list": [
           "10.1.0.0/32"
          ]
         }
        ]
       }
      }
     }
    ],
    "bind_to_port": false
   },
   {
    "address": "tcp://10.1.0.0:110",
    "name": "tcp_10.1.0.0_110",
    "filters": [
     {
      "type": "read",
      "name": "tcp_proxy",
      "config": {
       "stat_prefix": "tcp",
       "route_config": {
        "routes": [
         {
          "cluster": "out.hello.default.svc.cluster.local|redis",
          "destination_ip_list": [
           "10.1.0.0/32"
          ]
         }
        ]
       }
      }
     }
    ],
    "bind_to_port": false
   },
   {
    "address": "tcp://10.1.0.0:90",
    "name": "tcp_10.1.0.0_90",
    "filters": [
     {
      "type": "read",
      "name": "tcp_proxy",
      "config": {
       "stat_prefix": "tcp",
       "route_config": {
        "routes": [
         {
          "cluster": "out.hello.default.svc.cluster.local|custom",
          "destination_ip_list": [
           "10.1.0.0/32"
          ]
         }
        ]
       }
      }
     }
    ],
    "bind_to_port": false
   },
   {
    "address": "tcp://10.1.1.0:1081",
    "name": "http_10.1.1.0_1081",
    "filters": [
     {
      "type": "read",
      "name": "http_connection_manager",
      "config": {
       "codec_type": "auto",
       "stat_prefix": "http",
       "generate_request_id": true,
       "tracing": {
        "operation_name": "ingress"
       },
       "route_config": {
        "virtual_hosts": [
         {
          "name": "inbound|1081",
          "domains": [
           "*"
          ],
          "routes": [
           {
            "prefix": "/",
            "cluster": "in.1081",
            "timeout_ms": 0,
            "opaque_config": {
             "destination.service": "hello.default.svc.cluster.local",
             "mixer_check": "on",
             "mixer_forward": "off",
             "mixer_report": "on"
            },
            "decorator": {
             "operation": "default-route"
            }
           }
          ]
         }
        ]
       },
       "filters": [
        {
         "type": "decoder",
         "name": "mixer",
         "config": {
          "v2": {
           "defaultDestinationService": "hello.default.svc.cluster.local",
           "mixerAttributes": {
            "attributes": {
             "destination.ip": {
              "bytesValue": "AAAAAAAAAAAAAP//CgEBAA=="
             },
             "destination.labels": {
              "stringMapValue": {
               "entries": {
                "version": "v0"
               }
              }
             },
             "destination.uid": {
              "stringValue": "kubernetes://v0.default"
             }
            }
           },
           "serviceConfigs": {
            "hello.default.svc.cluster.local": {
             "mixerAttributes": {
              "attributes": {
               "destination.labels": {
                "stringMapValue": {
                 "entries": {
                  "version": "v0"
                 }
                }
               },
               "destination.service": {
                "stringValue": "hello.default.svc.cluster.local"
               }
              }
             }
            }
           },
           "transport": {
            "checkCluster": "mixer_check_server",
            "reportCluster": "mixer_report_server"
           }
          }
         }
        },
        {
         "type": "",
         "name": "cors",
         "config": {}
        },
        {
         "type": "decoder",
         "name": "router",
         "config": {}
        }
       ],
       "access_log": [
        {
         "path": "/dev/stdout"
        }
       ]
      }
     }
    ],
    "bind_to_port": false
   },
   {
    "address": "tcp://10.1.1.0:1090",
    "name": "tcp_10.1.1.0_1090",
    "filters": [
     {
      "type": "both",
      "name": "mixer",
      "config": {
       "mixer_attributes": {
        "destination.ip": "10.1.1.0",
        "destination.uid": "kubernetes://v0.default"
       },
       "v2": {
        "mixerAttributes": {
         "attributes": {
          "destination.ip": {
           "stringValue": "10.1.1.0"
          },
          "destination.service": {
           "stringValue": "hello.default.svc.cluster.local"
          },
          "destination.uid": {
           "stringValue": "kubernetes://v0.default"
          }
         }
        },
        "transport": {
         "checkCluster": "mixer_check_server",
         "reportCluster": "mixer_report_server"
        }
       }
      }
     },
     {
      "type": "read",
      "name": "tcp_proxy",
      "config": {
       "stat_prefix": "tcp",
       "route_config": {
        "routes": [
         {
          "cluster": "in.1090",
          "destination_ip_list": [
           "10.1.1.0/32"
          ]
         }
        ]
       }
      }
     }
    ],
    "bind_to_port": false
   },
   {
    "address": "tcp://10.1.1.0:1100",
    "name": "mongo_10.1.1.0_1100",
    "filters": [
     {
      "type": "both",
      "name": "mixer",
      "config": {
       "mixer_attributes": {
        "destination.ip": "10.1.1.0",
        "destination.uid": "kubernetes://v0.default"
       },
       "v2": {
        "mixerAttributes": {
         "attributes": {
          "destination.ip": {
           "stringValue": "10.1.1.0"
          },
          "destination.service": {
           "stringValue": "hello.default.svc.cluster.local"
          },
          "destination.uid": {
           "stringValue": "kubernetes://v0.default"
          }
         }
        },
        "transport": {
         "checkCluster": "mixer_check_server",
         "reportCluster": "mixer_report_server"
        }
       }
      }
     },
     {
      "type": "both",
      "name": "mongo_proxy",
      "config": {
       "stat_prefix": "mongo"
      }
     },
     {
      "type": "read",
      "name": "tcp_proxy",
      "config": {
       "stat_prefix": "tcp",
       "route_config": {
        "routes": [
         {
          "cluster": "in.1100",
          "destination_ip_list": [
           "10.1.1.0/32"
          ]
         }
        ]
       }
      }
     }
    ],
    "bind_to_port": false
   },
   {
    "address": "tcp://10.1.1.0:1110",
    "name": "tcp_10.1.1.0_1110",
    "filters": [
     {
      "type": "both",
      "name": "mixer",
      "config": {
       "mixer_attributes": {
        "destination.ip": "10.1.1.0",
        "destination.uid": "kubernetes://v0.default"
       },
       "v2": {
        "mixerAttributes": {
         "attributes": {
          "destination.ip": {
           "stringValue": "10.1.1.0"
          },
          "destination.service": {
           "stringValue": "hello.default.svc.cluster.local"
          },
          "destination.uid": {
           "stringValue": "kubernetes://v0.default"
          }
         }
        },
        "transport": {
         "checkCluster": "mixer_check_server",
         "reportCluster": "mixer_report_server"
        }
       }
      }
     },
     {
      "type": "read",
      "name": "tcp_proxy",
      "config": {
       "stat_prefix": "tcp",
       "route_config": {
        "routes": [
         {
          "cluster": "in.1110",
          "destination_ip_list": [
           "10.1.1.0/32"
          ]
         }
        ]
       }
      }
     }
    ],
    "bind_to_port": false
   },
   {
    "address": "tcp://10.1.1.0:3333",
    "name": "tcp_10.1.1.0_3333",
    "filters": [
     {
      "type": "read",
      "name": "tcp_proxy",
      "config": {
       "stat_prefix": "tcp",
       "route_config": {
        "routes": [
         {
          "cluster": "in.3333",
          "destination_ip_list": [
           "10.1.1.0/32"
          ]
         }
        ]
       }
      }
     }
    ],
    "bind_to_port": false
   },
   {
    "address": "tcp://10.1.1.0:80",
    "name": "http_10.1.1.0_80",
    "filters": [
     {
      "type": "read",
      "name": "http_connection_manager",
      "config": {
       "codec_type": "auto",
       "stat_prefix": "http",
       "generate_request_id": true,
       "tracing": {
        "operation_name": "ingress"
       },
       "route_config": {
        "virtual_hosts": [
         {
          "name": "inbound|80",
          "domains": [
           "*"
          ],
          "routes": [
           {
            "prefix": "/",
            "cluster": "in.80",
            "timeout_ms": 0,
            "opaque_config": {
             "destination.service": "hello.default.svc.cluster.local",
             "mixer_check": "on",
             "mixer_forward": "off",
             "mixer_report": "on"
            },
            "decorator": {
             "operation": "default-route"
            }
           }
          ]
         }
        ]
       },
       "filters": [
        {
         "type": "decoder",
         "name": "mixer",
         "config": {
          "v2": {
           "defaultDestinationService": "hello.default.svc.cluster.local",
           "mixerAttributes": {
            "attributes": {
             "destination.ip": {
              "bytesValue": "AAAAAAAAAAAAAP//CgEBAA=="
             },
             "destination.labels": {
              "stringMapValue": {
               "entries": {
                "version": "v0"
               }
              }
             },
             "destination.uid": {
              "stringValue": "kubernetes://v0.default"
             }
            }
           },
           "serviceConfigs": {
            "hello.default.svc.cluster.local": {
             "mixerAttributes": {
              "attributes": {
               "destination.labels": {
                "stringMapValue": {
                 "entries": {
                  "version": "v0"
                 }
                }
               },
               "destination.service": {
                "stringValue": "hello.default.svc.cluster.local"
               }
              }
             }
            }
           },
           "transport": {
            "checkCluster": "mixer_check_server",
            "reportCluster": "mixer_report_server"
           }
          }
         }
        },
        {
         "type": "",
         "name": "cors",
         "config": {}
        },
        {
         "type": "decoder",
         "name": "router",
         "config": {}
        }
       ],
       "access_log": [
        {
         "path": "/dev/stdout"
        }
       ]
      }
     }
    ],
    "bind_to_port": false
   },
   {
    "address": "tcp://10.1.1.0:9999",
    "name": "tcp_10.1.1.0_9999",
    "filters": [
     {
      "type": "read",
      "name": "tcp_proxy",
      "config": {
       "stat_prefix": "tcp",
       "route_config": {
        "routes": [
         {
          "cluster": "in.9999",
          "destination_ip_list": [
           "10.1.1.0/32"
          ]
         }
        ]
       }
      }
     }
    ],
    "bind_to_port": false
   },
   {
    "address": "tcp://10.2.0.0:100",
    "name": "mongo_10.2.0.0_100",
    "filters": [
     {
      "type": "both",
      "name": "mongo_proxy",
      "config": {
       "stat_prefix": "mongo"
      }
     },
     {
      "type": "read",
      "name": "tcp_proxy",
      "config": {
       "stat_prefix": "tcp",
       "route_config": {
        "routes": [
         {
          "cluster": "out.world.default.svc.cluster.local|mongo",
          "destination_ip_list": [
           "10.2.0.0/32"
          ]
         }
        ]
       }
      }
     }
    ],
    "bind_to_port": false
   },
   {
    "address": "tcp://10.2.0.0:110",
    "name": "tcp_10.2.0.0_110",
    "filters": [
     {
      "type": "read",
      "name": "tcp_proxy",
      "config": {
       "stat_prefix": "tcp",
       "route_config": {
        "routes": [
         {
          "cluster": "out.world.default.svc.cluster.local|redis",
          "destination_ip_list": [
           "10.2.0.0/32"
          ]
         }
        ]
       }
      }
     }
    ],
    "bind_to_port": false
   },
   {
    "address": "tcp://10.2.0.0:90",
    "name": "tcp_10.2.0.0_90",
    "filters": [
     {
      "type": "read",
      "name": "tcp_proxy",
      "config": {
       "stat_prefix": "tcp",
       "route_config": {
        "routes": [
         {
          "cluster": "out.world.default.svc.cluster.local|custom",
          "destination_ip_list": [
           "10.2.0.0/32"
          ]
         }
        ]
       }
      }
     }
    ],
    "bind_to_port": false
   }
  ]
 }