hosts:
  - world
http:
  - mirror:
      name: hello
      subset: v1
