destination:
  name: world
mirror:
  name: hello
  labels:
    version: v1

