quotaSpecs:
- name: quota-spec
  namespace: default
services:
- name: hello
  namespace: default
