{
  "virtual_hosts": [
   {
    "name": "some-gateway-2|10088|beta.world.example.com",
    "domains": [
     "beta.world.example.com:10088",
     "beta.world.example.com"
    ],
    "routes": [
     {
      "prefix": "/",
      "cluster": "out.world.default.svc.cluster.local|http",
      "timeout_ms": 0,
      "decorator": {
       "operation": "gateway-simple"
      }
     }
    ]
   }
  ]
 }