{
  "validate_clusters": true,
  "virtual_hosts": [
   {
    "name": "*.google.com:80",
    "domains": [
     "*.google.com",
     "*.google.com:80"
    ],
    "routes": [
     {
      "prefix": "/",
      "cluster": "out.*.google.com|external-HTTP-80",
      "timeout_ms": 0,
      "opaque_config": {
       "destination.service": "google.default.cluster.local",
       "mixer": "eyJtaXhlckF0dHJpYnV0ZXMiOnsiYXR0cmlidXRlcyI6eyJkZXN0aW5hdGlvbi5zZXJ2aWNlIjp7InN0cmluZ1ZhbHVlIjoiZ29vZ2xlLmRlZmF1bHQuY2x1c3Rlci5sb2NhbCJ9LCJkZXN0aW5hdGlvbi51aWQiOnsic3RyaW5nVmFsdWUiOiJrdWJlcm5ldGVzOi8vZ29vZ2xlLmRlZmF1bHQuY2x1c3Rlci5sb2NhbCJ9LCJzb3VyY2UuaXAiOnsiYnl0ZXNWYWx1ZSI6IkFBQUFBQUFBQUFBQUFQLy9DZ0VCQUE9PSJ9LCJzb3VyY2UubGFiZWxzIjp7InN0cmluZ01hcFZhbHVlIjp7ImVudHJpZXMiOnsidmVyc2lvbiI6InYwIn19fSwic291cmNlLnVpZCI6eyJzdHJpbmdWYWx1ZSI6Imt1YmVybmV0ZXM6Ly92MC5kZWZhdWx0In19fX0=",
       "mixer_sha": "z4SXhcppGgGvSDYk9lW36WG0uIQ/68+N2Zq/ueFb5tg="
      },
      "decorator": {
       "operation": "default-route"
      }
     }
    ]
   },
   {
    "name": "hello.default.svc.cluster.local|http",
    "domains": [
     "hello:80",
     "hello",
     "hello.default:80",
     "hello.default",
     "hello.default.svc:80",
     "hello.default.svc",
     "hello.default.svc.cluster:80",
     "hello.default.svc.cluster",
     "hello.default.svc.cluster.local:80",
     "hello.default.svc.cluster.local",
     "10.1.0.0:80",
     "10.1.0.0"
    ],
    "routes": [
     {
      "prefix": "/",
      "cluster": "out.hello.default.svc.cluster.local|http",
      "timeout_ms": 0,
      "decorator": {
       "operation": "default-route"
      }
     }
    ]
   },
   {
    "name": "httpbin.default.svc.cluster.local|http",
    "domains": [
     "httpbin:80",
     "httpbin",
     "httpbin.default:80",
     "httpbin.default",
     "httpbin.default.svc:80",
     "httpbin.default.svc",
     "httpbin.default.svc.cluster:80",
     "httpbin.default.svc.cluster",
     "httpbin.default.svc.cluster.local:80",
     "httpbin.default.svc.cluster.local"
    ],
    "routes": [
     {
      "prefix": "/",
      "cluster": "out.httpbin.default.svc.cluster.local|http",
      "timeout_ms": 0,
      "decorator": {
       "operation": "default-route"
      }
     }
    ]
   },
   {
    "name": "world.default.svc.cluster.local|http",
    "domains": [
     "world:80",
     "world",
     "world.default:80",
     "world.default",
     "world.default.svc:80",
     "world.default.svc",
     "world.default.svc.cluster:80",
     "world.default.svc.cluster",
     "world.default.svc.cluster.local:80",
     "world.default.svc.cluster.local",
     "10.2.0.0:80",
     "10.2.0.0"
    ],
    "routes": [
     {
      "prefix": "/",
      "cluster": "out.world.default.svc.cluster.local|http",
      "timeout_ms": 0,
      "decorator": {
       "operation": "default-route"
      }
     }
    ]
   }
  ]
 }