{
  "virtual_hosts": [
   {
    "name": "some-gateway-2|10080|beta.world.example.com",
    "domains": [
     "beta.world.example.com:10080",
     "beta.world.example.com"
    ],
    "routes": [
     {
      "prefix": "/",
      "cluster": "out.world.default.svc.cluster.local|http",
      "timeout_ms": 0,
      "decorator": {
       "operation": "gateway-simple"
      }
     }
    ]
   },
   {
    "name": "some-gateway|10080|world.example.com",
    "domains": [
     "world.example.com:10080",
     "world.example.com"
    ],
    "routes": [
     {
      "prefix": "/",
      "weighted_clusters": {
       "clusters": [
        {
         "name": "out.world.default.svc.cluster.local|http|version=v0",
         "weight": 75
        },
        {
         "name": "out.world.default.svc.cluster.local|http|version=v1",
         "weight": 25
        }
       ]
      },
      "timeout_ms": 0,
      "decorator": {
       "operation": "gateway-weighted"
      }
     }
    ]
   }
  ]
 }