hosts:
  - world
http:
  - match:
    - headers:
        scooby:
          exact: doo
        animal:
          prefix: dog
        name:
          regex: "sco+do+"
    redirect:
      uri: "/new/path"
      authority: "foo.bar.com"
