hosts:
  - world
http:
  - match:
      - uri:
          prefix: /old/path
    rewrite:
      uri: /new/path
      authority: foo.bar.com
