destination:
  name: world
match:
  request:
    headers:
      uri:
        prefix: /old/path
rewrite:
  uri: /new/path
  authority: foo.bar.com

