{
  "hosts": [
   {
    "ip_address": "10.1.1.0",
    "port": 80,
    "tags": {
     "az": "zone/region"
    }
   },
   {
    "ip_address": "10.1.1.1",
    "port": 80,
    "tags": {
     "az": "zone/region"
    }
   }
  ]
 }